x = 23478921
x = 23478921
x = 23478921
x = 23478921
x = 23478921
x = 23478921
x = 23478921
x = 23478921
