before jobs None
after jobs 2

Blocking Findings:

  file_or_dir.py 
          1â”† x = 23478921
