Paths that match both --include and --exclude will be skipped by Semgrep.
Scanning 1 file.
