None
EngineType.OSS
path to core /home/runner/work/semgrep/semgrep/cli/src/semgrep/bin/semgrep-core
{"errors": [], "paths": {"_comment": "<add --verbose for a list of skipped paths>", "scanned": ["targets/experiment/experiment.py"]}, "results": [], "version": "<MASKED>"}
