None
EngineType.OSS
path to core /home/runner/work/semgrep/semgrep/cli/src/semgrep/bin/semgrep-core
                  
                  
┌────────────────┐
│ 1 Code Finding │
└────────────────┘
                         
    definitely_a_file.py 
            1┆ x = 23478921

