None
EngineType.OSS
                  
                  
┌────────────────┐
│ 1 Code Finding │
└────────────────┘
                         
    definitely_a_file.py 
            1┆ x = 23478921

