Scanning 2 files.
[Errno 2] No such file or directory: '/home/runner/.config/.semgrep/semgrep_rules.json'
Traceback (most recent call last):
  File "/home/runner/work/semgrep/semgrep/cli/src/semgrep/commands/wrapper.py", line 35, in wrapper
    func(*args, **kwargs)
  File "/home/runner/work/semgrep/semgrep/cli/src/semgrep/commands/scan.py", line 817, in scan
    ) = semgrep.semgrep_main.main(
  File "/home/runner/work/semgrep/semgrep/cli/src/semgrep/semgrep_main.py", line 410, in main
    ) = run_rules(
  File "/home/runner/work/semgrep/semgrep/cli/src/semgrep/semgrep_main.py", line 168, in run_rules
    ) = core_runner.invoke_semgrep(
  File "/home/runner/work/semgrep/semgrep/cli/src/semgrep/core_runner.py", line 943, in invoke_semgrep
    ) = self._run_rules_direct_to_semgrep_core(
  File "/home/runner/work/semgrep/semgrep/cli/src/semgrep/core_runner.py", line 903, in _run_rules_direct_to_semgrep_core
    os.remove(rule_file_name)
FileNotFoundError: [Errno 2] No such file or directory: '/home/runner/.config/.semgrep/semgrep_rules.json'
