{
  "$schema": "https://docs.oasis-open.org/sarif/sarif/v2.1.0/os/schemas/sarif-schema-2.1.0.json",
  "runs": [
    {
      "invocations": [
        {
          "executionSuccessful": true,
          "toolExecutionNotifications": []
        }
      ],
      "results": [
        {
          "fingerprints": {
            "matchBasedId/v1": "25a34e0e1bf8382b9a268909f106d236eac81f5232a8fa6f37ce55f0af71ee9eb3bd0a3d47175e37c053b92422536cf32243301b78adb14afe8dd1e658331485_0"
          },
          "locations": [
            {
              "physicalLocation": {
                "artifactLocation": {
                  "uri": "targets/basic/stupid.py",
                  "uriBaseId": "%SRCROOT%"
                },
                "region": {
                  "endColumn": 26,
                  "endLine": 3,
                  "snippet": {
                    "text": "    return a + b == a + b"
                  },
                  "startColumn": 12,
                  "startLine": 3
                }
              }
            }
          ],
          "message": {
            "text": "useless comparison operation `a + b == a + b` or `a + b != a + b`; possible bug?"
          },
          "ruleId": "rules.eqeq-is-bad"
        }
      ],
      "tool": {
        "driver": {
          "name": "semgrep",
          "rules": [
            {
              "defaultConfiguration": {
                "level": "error"
              },
              "fullDescription": {
                "text": "possibly useless comparison but in eq function"
              },
              "id": "rules.assert-eqeq-is-ok",
              "name": "rules.assert-eqeq-is-ok",
              "properties": {
                "precision": "very-high",
                "tags": []
              },
              "shortDescription": {
                "text": "possibly useless comparison but in eq function"
              }
            },
            {
              "defaultConfiguration": {
                "level": "error"
              },
              "fullDescription": {
                "text": "useless comparison operation `$X == $X` or `$X != $X`; possible bug?"
              },
              "id": "rules.eqeq-is-bad",
              "name": "rules.eqeq-is-bad",
              "properties": {
                "precision": "very-high",
                "tags": []
              },
              "shortDescription": {
                "text": "useless comparison operation `$X == $X` or `$X != $X`; possible bug?"
              }
            },
            {
              "defaultConfiguration": {
                "level": "error"
              },
              "fullDescription": {
                "text": "useless comparison"
              },
              "id": "rules.javascript-basic-eqeq-bad",
              "name": "rules.javascript-basic-eqeq-bad",
              "properties": {
                "precision": "very-high",
                "tags": []
              },
              "shortDescription": {
                "text": "useless comparison"
              }
            },
            {
              "defaultConfiguration": {
                "level": "error"
              },
              "fullDescription": {
                "text": "this function is only available on Python 3.7+"
              },
              "id": "rules.python37-compatability-os-module",
              "name": "rules.python37-compatability-os-module",
              "properties": {
                "precision": "very-high",
                "tags": []
              },
              "shortDescription": {
                "text": "this function is only available on Python 3.7+"
              }
            }
          ],
          "semanticVersion": "placeholder"
        }
      }
    }
  ],
  "version": "2.1.0"
}