Scanning 4 files.
'ProfilingData' object has no attribute 'set_max_memory_bytes'
Traceback (most recent call last):
  File "/home/runner/work/semgrep/semgrep/cli/src/semgrep/commands/wrapper.py", line 35, in wrapper
    func(*args, **kwargs)
  File "/home/runner/work/semgrep/semgrep/cli/src/semgrep/commands/scan.py", line 837, in scan
    ) = semgrep.semgrep_main.main(
  File "/home/runner/work/semgrep/semgrep/cli/src/semgrep/semgrep_main.py", line 424, in main
    ) = run_rules(
  File "/home/runner/work/semgrep/semgrep/cli/src/semgrep/semgrep_main.py", line 170, in run_rules
    ) = core_runner.invoke_semgrep(
  File "/home/runner/work/semgrep/semgrep/cli/src/semgrep/core_runner.py", line 940, in invoke_semgrep
    ) = self._run_rules_direct_to_semgrep_core(
  File "/home/runner/work/semgrep/semgrep/cli/src/semgrep/core_runner.py", line 874, in _run_rules_direct_to_semgrep_core
    profiling_data.set_max_memory_bytes(core_output.time.max_memory_bytes)
AttributeError: 'ProfilingData' object has no attribute 'set_max_memory_bytes'
