AAAA LOADING CONF: <semgrep.config_resolver.ConfigLoader object at 0x7f4c3e789ab0>
{"errors": [], "paths": {"scanned": ["targets/inventory/invent.py"]}, "results": [], "skipped_rules": [], "version": "<MASKED>"}
