

┌─────────────┐
│ Scan Status │
└─────────────┘
  Scanning 5 files tracked by git with 4 Code rules, 0 Supply Chain rules, 0 Pro
  rules:

  CODE RULES

  No rules to run.


  SUPPLY CHAIN RULES

  💎 Sign in with `semgrep login` and run `semgrep ci` to find dependency
     vulnerabilities and advanced cross-file findings.


  PROGRESS



┌──────────────┐
│ Scan Summary │
└──────────────┘
Some files were skipped or only partially analyzed.
  Scan was limited to files tracked by git.
  Scan skipped: 4 files matching --exclude patterns
  For a full list of skipped files, run semgrep with the --verbose flag.

Ran 4 rules on 0 files: 0 findings.
