y = 23478921
x = 23478921
y = 23478921
y = 23478921
y = 23478921
x = 23478921
x = 23478921
x = 23478921
y = 23478921
x = 23478921
y = 23478921
y = 23478921
y = 23478921
x = 23478921
x = 23478921
x = 23478921
