

┌─────────────┐
│ Scan Status │
└─────────────┘
  Scanning 5 files tracked by git with 4 Code rules, 0 Supply Chain rules, 0 Pro
  rules:

  CODE RULES

  Language   Rules   Files          Origin   Rules
 ──────────────────────────        ────────────────
  js             1       4          Custom       4


  SUPPLY CHAIN RULES

  💎 Sign in with `semgrep login` and run `semgrep ci` to find dependency
     vulnerabilities and advanced cross-file findings.


  PROGRESS



┌──────────────┐
│ Scan Summary │
└──────────────┘
Some files were skipped or only partially analyzed.
  Scan was limited to files tracked by git.

Ran 4 rules on 4 files: 4 findings.
