Paths that match both --include and --exclude will be skipped by Semgrep.
Scanning 1 file.
cannot unpack non-iterable NoneType object
Traceback (most recent call last):
  File "/home/runner/work/semgrep/semgrep/cli/src/semgrep/commands/wrapper.py", line 35, in wrapper
    func(*args, **kwargs)
  File "/home/runner/work/semgrep/semgrep/cli/src/semgrep/commands/scan.py", line 829, in scan
    ) = semgrep.semgrep_main.main(
  File "/home/runner/work/semgrep/semgrep/cli/src/semgrep/semgrep_main.py", line 425, in main
    ) = run_rules(
  File "/home/runner/work/semgrep/semgrep/cli/src/semgrep/semgrep_main.py", line 170, in run_rules
    ) = core_runner.invoke_semgrep(
  File "/home/runner/work/semgrep/semgrep/cli/src/semgrep/core_runner.py", line 999, in invoke_semgrep
    (
TypeError: cannot unpack non-iterable NoneType object
