               
               
┌─────────────┐
│ Scan Status │
└─────────────┘
  Scanning 5 files tracked by git with 4 Code rules:
  Scanning 2 files.
  {"errors": [], "paths": {"_comment": "<add --verbose for a list of skipped    
  paths>", "scanned": ["targets/exclude_include/excluded/included.js",          
  "targets/exclude_include/included/included.js"]}, "results": [{"check_id":    
  "rules.javascript-basic-eqeq-bad", "end": {"col": 19, "line": 3, "offset":    
  30}, "extra": {"engine_kind": "OSS", "fingerprint":                           
  "a04d2ea34b071cb8607b282419957c8a986ce82ada5717efa1315dde21ec6529b183f409996b1
  e150512a600af8a50bd28249e73f1950928cb8e1c0408dae54b_0", "is_ignored": false,  
  "lines": "console.log(x == x)", "message": "useless comparison", "metadata":  
  {}, "metavars": {"$X": {"abstract_content": "x", "end": {"col": 14, "line": 3,
  "offset": 25}, "propagated_value": {"svalue_abstract_content": "1",           
  "svalue_end": {"col": 10, "line": 1, "offset": 9}, "svalue_start": {"col": 9, 
  "line": 1, "offset": 8}}, "start": {"col": 13, "line": 3, "offset": 24}}},    
  "severity": "ERROR"}, "path": "targets/exclude_include/excluded/included.js", 
  "start": {"col": 13, "line": 3, "offset": 24}}, {"check_id":                  
  "rules.javascript-basic-eqeq-bad", "end": {"col": 19, "line": 3, "offset":    
  30}, "extra": {"engine_kind": "OSS", "fingerprint":                           
  "f0dc6bb763a65d736f8476d961bbc2ded9a4659fac904e481df30f95e4a5c5ef6f71d9117c3bf
  e66de807451c98165fb31330d437b1a0130bddb2ec6318d6a63_0", "is_ignored": false,  
  "lines": "console.log(x == x)", "message": "useless comparison", "metadata":  
  {}, "metavars": {"$X": {"abstract_content": "x", "end": {"col": 14, "line": 3,
  "offset": 25}, "propagated_value": {"svalue_abstract_content": "1",           
  "svalue_end": {"col": 10, "line": 1, "offset": 9}, "svalue_start": {"col": 9, 
  "line": 1, "offset": 8}}, "start": {"col": 13, "line": 3, "offset": 24}}},    
  "severity": "ERROR"}, "path": "targets/exclude_include/included/included.js", 
  "start": {"col": 13, "line": 3, "offset": 24}}], "version": "<MASKED>"}         
                
                
┌──────────────┐
│ Scan Summary │
└──────────────┘
Some files were skipped or only partially analyzed.
  Scan was limited to files tracked by git.
  Scan skipped: 2 files not matching --include patterns
  For a full list of skipped files, run semgrep with the --verbose flag.

Ran 4 rules on 2 files: 2 findings.
