None
EngineType.OSS
path to core /home/runner/work/semgrep/semgrep/cli/src/semgrep/bin/semgrep-core
                  
                  
┌────────────────┐
│ 1 Code Finding │
└────────────────┘
                          
    file_or_dir.py/bar.py 
            1┆ y = 23478921

