None
EngineType.OSS
path to core /home/runner/work/semgrep/semgrep/cli/src/semgrep/bin/semgrep-core
                   
                   
┌─────────────────┐
│ 2 Code Findings │
└─────────────────┘
                          
    file_or_dir.py/bar.py 
            1┆ y = 23478921
                          
    file_or_dir.py/foo.py 
            1┆ x = 23478921

