None
EngineType.OSS
path to core /home/runner/work/semgrep/semgrep/cli/src/semgrep/bin/semgrep-core
