None
EngineType.OSS
path to core /home/runner/work/semgrep/semgrep/cli/src/semgrep/bin/semgrep-core
                   
                   
┌─────────────────┐
│ 2 Code Findings │
└─────────────────┘
                   
    dir_one/foo.py 
            1┆ x = 23478921
                   
    dir_two/bar.py 
            1┆ y = 23478921

