Running semgrep subcommand: scan, experimental = false
[31mNo fallbacks allowed!
exiting with error status 2: osemgrep --include included.vue --strict --config rules/eqeq.yaml --json targets/exclude_include
[0m