

┌─────────────┐
│ Scan Status │
└─────────────┘
  Scanning 5 files tracked by git with 4 Code rules, 0 Supply Chain rules, 0 Pro
  rules:

  CODE RULES

  Language   Rules   Files          Origin   Rules
 ──────────────────────────        ────────────────
  js             1       2          Custom       4


  SUPPLY CHAIN RULES

  💎 Sign in with `semgrep login` and run `semgrep ci` to find dependency
     vulnerabilities and advanced cross-file findings.


  PROGRESS



┌──────────────┐
│ Scan Summary │
└──────────────┘
Some files were skipped or only partially analyzed.
  Scan was limited to files tracked by git.
  Scan skipped: 2 files not matching --include patterns
  For a full list of skipped files, run semgrep with the --verbose flag.

Ran 4 rules on 2 files: 2 findings.
